{"ip":"127.0.0.1","level":"warn","message":"Authorization header missing","service":"finance-api","timestamp":"2026-05-25 18:07:18"}
{"ip":"127.0.0.1","level":"warn","message":"Token missing in authorization header","service":"finance-api","timestamp":"2026-05-25 18:07:18"}
{"level":"info","message":"User authenticated successfully","service":"finance-api","timestamp":"2026-05-25 18:07:18","userId":"550e8400-e29b-41d4-a716-446655440000"}
{"ip":"127.0.0.1","level":"warn","message":"Authorization header missing","service":"finance-api","timestamp":"2026-05-25 18:07:38"}
{"ip":"127.0.0.1","level":"warn","message":"Token missing in authorization header","service":"finance-api","timestamp":"2026-05-25 18:07:38"}
{"error":"Token expired","level":"warn","message":"Token expired","service":"finance-api","timestamp":"2026-05-25 18:07:38"}
{"error":"Invalid token","level":"warn","message":"Invalid token","service":"finance-api","timestamp":"2026-05-25 18:07:38"}
{"level":"info","message":"User authenticated successfully","service":"finance-api","timestamp":"2026-05-25 18:07:38","userId":"550e8400-e29b-41d4-a716-446655440000"}
{"ip":"127.0.0.1","level":"warn","message":"Authorization header missing","service":"finance-api","timestamp":"2026-05-25 18:08:02"}
{"ip":"127.0.0.1","level":"warn","message":"Token missing in authorization header","service":"finance-api","timestamp":"2026-05-25 18:08:02"}
{"error":"Token expired","level":"warn","message":"Token expired","service":"finance-api","timestamp":"2026-05-25 18:08:02"}
{"error":"Invalid token","level":"warn","message":"Invalid token","service":"finance-api","timestamp":"2026-05-25 18:08:02"}
{"level":"info","message":"User authenticated successfully","service":"finance-api","timestamp":"2026-05-25 18:08:02","userId":"550e8400-e29b-41d4-a716-446655440000"}
{"ip":"127.0.0.1","level":"warn","message":"Authorization header missing","service":"finance-api","timestamp":"2026-05-25 18:08:49"}
{"ip":"127.0.0.1","level":"warn","message":"Token missing in authorization header","service":"finance-api","timestamp":"2026-05-25 18:08:49"}
{"error":"Token expired","level":"warn","message":"Token expired","service":"finance-api","timestamp":"2026-05-25 18:08:49"}
{"error":"Invalid token","level":"warn","message":"Invalid token","service":"finance-api","timestamp":"2026-05-25 18:08:49"}
{"level":"info","message":"User authenticated successfully","service":"finance-api","timestamp":"2026-05-25 18:08:49","userId":"550e8400-e29b-41d4-a716-446655440000"}
{"level":"info","message":"Server listening on port 8080","service":"finance-api","timestamp":"2026-05-25 18:41:25"}
{"level":"info","message":"User authenticated successfully","service":"finance-api","timestamp":"2026-05-25 18:44:46","userId":"e5dcb973-6b4d-4771-9608-28e81ea4dd17"}
{"level":"info","message":"User authenticated successfully","service":"finance-api","timestamp":"2026-05-25 18:44:46","userId":"e5dcb973-6b4d-4771-9608-28e81ea4dd17"}
{"level":"info","message":"User authenticated successfully","service":"finance-api","timestamp":"2026-05-25 18:44:46","userId":"e5dcb973-6b4d-4771-9608-28e81ea4dd17"}
{"level":"info","message":"User authenticated successfully","service":"finance-api","timestamp":"2026-05-25 18:44:46","userId":"e5dcb973-6b4d-4771-9608-28e81ea4dd17"}
{"level":"info","message":"User authenticated successfully","service":"finance-api","timestamp":"2026-05-25 18:44:53","userId":"e5dcb973-6b4d-4771-9608-28e81ea4dd17"}
{"level":"info","message":"User authenticated successfully","service":"finance-api","timestamp":"2026-05-25 18:44:53","userId":"e5dcb973-6b4d-4771-9608-28e81ea4dd17"}
{"level":"info","message":"User authenticated successfully","service":"finance-api","timestamp":"2026-05-25 18:44:53","userId":"e5dcb973-6b4d-4771-9608-28e81ea4dd17"}
{"level":"info","message":"User authenticated successfully","service":"finance-api","timestamp":"2026-05-25 18:44:53","userId":"e5dcb973-6b4d-4771-9608-28e81ea4dd17"}
{"level":"info","message":"User authenticated successfully","service":"finance-api","timestamp":"2026-05-25 18:46:17","userId":"e5dcb973-6b4d-4771-9608-28e81ea4dd17"}
{"level":"info","message":"User authenticated successfully","service":"finance-api","timestamp":"2026-05-25 18:46:17","userId":"e5dcb973-6b4d-4771-9608-28e81ea4dd17"}
{"level":"info","message":"User authenticated successfully","service":"finance-api","timestamp":"2026-05-25 18:47:07","userId":"e5dcb973-6b4d-4771-9608-28e81ea4dd17"}
{"level":"info","message":"User authenticated successfully","service":"finance-api","timestamp":"2026-05-25 18:47:07","userId":"e5dcb973-6b4d-4771-9608-28e81ea4dd17"}
{"level":"info","message":"User authenticated successfully","service":"finance-api","timestamp":"2026-05-25 18:47:43","userId":"e5dcb973-6b4d-4771-9608-28e81ea4dd17"}
{"level":"info","message":"User authenticated successfully","service":"finance-api","timestamp":"2026-05-25 18:47:43","userId":"e5dcb973-6b4d-4771-9608-28e81ea4dd17"}
{"level":"info","message":"User authenticated successfully","service":"finance-api","timestamp":"2026-05-25 18:47:43","userId":"e5dcb973-6b4d-4771-9608-28e81ea4dd17"}
{"level":"info","message":"User authenticated successfully","service":"finance-api","timestamp":"2026-05-25 18:47:43","userId":"e5dcb973-6b4d-4771-9608-28e81ea4dd17"}
{"error":"jwt malformed","level":"warn","message":"Invalid token","service":"finance-api","timestamp":"2026-05-25 18:50:08"}
{"error":"jwt malformed","level":"warn","message":"Invalid token","service":"finance-api","timestamp":"2026-05-25 18:50:47"}
{"level":"info","message":"Server listening on port 8080","service":"finance-api","timestamp":"2026-05-25 19:05:45"}
{"ip":"127.0.0.1","level":"warn","message":"Authorization header missing","service":"finance-api","timestamp":"2026-05-26 18:38:01"}
{"ip":"127.0.0.1","level":"warn","message":"Token missing in authorization header","service":"finance-api","timestamp":"2026-05-26 18:38:02"}
{"error":"Token expired","level":"warn","message":"Token expired","service":"finance-api","timestamp":"2026-05-26 18:38:02"}
{"error":"Invalid token","level":"warn","message":"Invalid token","service":"finance-api","timestamp":"2026-05-26 18:38:02"}
{"level":"info","message":"User authenticated successfully","service":"finance-api","timestamp":"2026-05-26 18:38:02","userId":"550e8400-e29b-41d4-a716-446655440000"}
{"level":"info","message":"Server listening on port 8080","service":"finance-api","timestamp":"2026-05-26 18:38:58"}
{"level":"info","message":"Server listening on port 8080","service":"finance-api","timestamp":"2026-05-26 18:41:13"}
{"ip":"::1","level":"warn","message":"Authorization header missing","service":"finance-api","timestamp":"2026-05-26 18:41:25"}
{"level":"info","message":"User authenticated successfully","service":"finance-api","timestamp":"2026-05-26 18:41:53","userId":"185b35f0-cb28-46e0-80e0-ebdea6f85ee8"}
{"level":"info","message":"User authenticated successfully","service":"finance-api","timestamp":"2026-05-26 18:42:10","userId":"185b35f0-cb28-46e0-80e0-ebdea6f85ee8"}
{"level":"info","message":"User authenticated successfully","service":"finance-api","timestamp":"2026-05-26 18:45:24","userId":"185b35f0-cb28-46e0-80e0-ebdea6f85ee8"}
{"error":"jwt malformed","level":"warn","message":"Invalid token","service":"finance-api","timestamp":"2026-05-26 18:46:19"}
{"level":"info","message":"User authenticated successfully","service":"finance-api","timestamp":"2026-05-26 18:46:32","userId":"185b35f0-cb28-46e0-80e0-ebdea6f85ee8"}
{"level":"info","message":"User authenticated successfully","service":"finance-api","timestamp":"2026-05-26 18:47:57","userId":"185b35f0-cb28-46e0-80e0-ebdea6f85ee8"}
{"level":"info","message":"User authenticated successfully","service":"finance-api","timestamp":"2026-05-26 18:48:02","userId":"185b35f0-cb28-46e0-80e0-ebdea6f85ee8"}
{"level":"info","message":"User authenticated successfully","service":"finance-api","timestamp":"2026-05-26 18:48:16","userId":"185b35f0-cb28-46e0-80e0-ebdea6f85ee8"}
{"level":"info","message":"User authenticated successfully","service":"finance-api","timestamp":"2026-05-26 18:48:28","userId":"185b35f0-cb28-46e0-80e0-ebdea6f85ee8"}
{"level":"info","message":"User authenticated successfully","service":"finance-api","timestamp":"2026-05-26 18:48:35","userId":"185b35f0-cb28-46e0-80e0-ebdea6f85ee8"}
{"level":"info","message":"User authenticated successfully","service":"finance-api","timestamp":"2026-05-26 18:48:40","userId":"185b35f0-cb28-46e0-80e0-ebdea6f85ee8"}
{"level":"info","message":"User authenticated successfully","service":"finance-api","timestamp":"2026-05-26 18:49:25","userId":"068edc8f-6ff5-4efe-ad72-91b88d7caf23"}
{"level":"info","message":"User authenticated successfully","service":"finance-api","timestamp":"2026-05-26 18:49:25","userId":"068edc8f-6ff5-4efe-ad72-91b88d7caf23"}
{"level":"info","message":"User authenticated successfully","service":"finance-api","timestamp":"2026-05-26 18:49:25","userId":"068edc8f-6ff5-4efe-ad72-91b88d7caf23"}
{"level":"info","message":"User authenticated successfully","service":"finance-api","timestamp":"2026-05-26 18:49:25","userId":"068edc8f-6ff5-4efe-ad72-91b88d7caf23"}
{"level":"info","message":"Server listening on port 8080","service":"finance-api","timestamp":"2026-05-26 19:03:18"}
{"level":"info","message":"User authenticated successfully","service":"finance-api","timestamp":"2026-05-26 19:07:24","userId":"e5dcb973-6b4d-4771-9608-28e81ea4dd17"}
{"level":"info","message":"User authenticated successfully","service":"finance-api","timestamp":"2026-05-26 19:07:24","userId":"e5dcb973-6b4d-4771-9608-28e81ea4dd17"}
{"level":"info","message":"User authenticated successfully","service":"finance-api","timestamp":"2026-05-26 19:07:24","userId":"e5dcb973-6b4d-4771-9608-28e81ea4dd17"}
{"level":"info","message":"User authenticated successfully","service":"finance-api","timestamp":"2026-05-26 19:07:24","userId":"e5dcb973-6b4d-4771-9608-28e81ea4dd17"}
{"level":"info","message":"User authenticated successfully","service":"finance-api","timestamp":"2026-05-26 19:07:49","userId":"e5dcb973-6b4d-4771-9608-28e81ea4dd17"}
{"level":"info","message":"User authenticated successfully","service":"finance-api","timestamp":"2026-05-26 19:07:49","userId":"e5dcb973-6b4d-4771-9608-28e81ea4dd17"}
{"level":"info","message":"User authenticated successfully","service":"finance-api","timestamp":"2026-05-26 19:08:04","userId":"e5dcb973-6b4d-4771-9608-28e81ea4dd17"}
{"level":"info","message":"User authenticated successfully","service":"finance-api","timestamp":"2026-05-26 19:08:04","userId":"e5dcb973-6b4d-4771-9608-28e81ea4dd17"}
{"level":"info","message":"Server listening on port 8080","service":"finance-api","timestamp":"2026-05-26 20:00:06"}
{"level":"info","message":"Server listening on port 8080","service":"finance-api","timestamp":"2026-05-26 20:00:12"}
{"ip":"127.0.0.1","level":"warn","message":"Authorization header missing","service":"finance-api","timestamp":"2026-05-26 20:01:45"}
{"ip":"127.0.0.1","level":"warn","message":"Token missing in authorization header","service":"finance-api","timestamp":"2026-05-26 20:01:45"}
{"error":"Token expired","level":"warn","message":"Token expired","service":"finance-api","timestamp":"2026-05-26 20:01:45"}
{"error":"Invalid token","level":"warn","message":"Invalid token","service":"finance-api","timestamp":"2026-05-26 20:01:45"}
{"level":"info","message":"User authenticated successfully","service":"finance-api","timestamp":"2026-05-26 20:01:45","userId":"550e8400-e29b-41d4-a716-446655440000"}
{"ip":"127.0.0.1","level":"warn","message":"Authorization header missing","service":"finance-api","timestamp":"2026-05-27 18:03:30"}
{"ip":"127.0.0.1","level":"warn","message":"Token missing in authorization header","service":"finance-api","timestamp":"2026-05-27 18:03:30"}
{"error":"Token expired","level":"warn","message":"Token expired","service":"finance-api","timestamp":"2026-05-27 18:03:30"}
{"error":"Invalid token","level":"warn","message":"Invalid token","service":"finance-api","timestamp":"2026-05-27 18:03:30"}
{"level":"info","message":"User authenticated successfully","service":"finance-api","timestamp":"2026-05-27 18:03:30","userId":"550e8400-e29b-41d4-a716-446655440000"}
{"ip":"127.0.0.1","level":"warn","message":"Authorization header missing","service":"finance-api","timestamp":"2026-05-27 18:04:06"}
{"ip":"127.0.0.1","level":"warn","message":"Token missing in authorization header","service":"finance-api","timestamp":"2026-05-27 18:04:06"}
{"error":"Token expired","level":"warn","message":"Token expired","service":"finance-api","timestamp":"2026-05-27 18:04:06"}
{"error":"Invalid token","level":"warn","message":"Invalid token","service":"finance-api","timestamp":"2026-05-27 18:04:06"}
{"level":"info","message":"User authenticated successfully","service":"finance-api","timestamp":"2026-05-27 18:04:06","userId":"550e8400-e29b-41d4-a716-446655440000"}
{"ip":"127.0.0.1","level":"warn","message":"Authorization header missing","service":"finance-api","timestamp":"2026-05-27 18:19:22"}
{"ip":"127.0.0.1","level":"warn","message":"Token missing in authorization header","service":"finance-api","timestamp":"2026-05-27 18:19:22"}
{"error":"Token expired","level":"warn","message":"Token expired","service":"finance-api","timestamp":"2026-05-27 18:19:22"}
{"error":"Invalid token","level":"warn","message":"Invalid token","service":"finance-api","timestamp":"2026-05-27 18:19:22"}
{"level":"info","message":"User authenticated successfully","service":"finance-api","timestamp":"2026-05-27 18:19:22","userId":"550e8400-e29b-41d4-a716-446655440000"}
{"level":"info","message":"Server listening on port 8080","service":"finance-api","timestamp":"2026-05-27 18:32:39"}
{"level":"info","message":"Server listening on port 8080","service":"finance-api","timestamp":"2026-05-27 18:37:40"}
{"level":"info","message":"User authenticated successfully","service":"finance-api","timestamp":"2026-05-27 18:40:20","userId":"e5dcb973-6b4d-4771-9608-28e81ea4dd17"}
{"level":"info","message":"User authenticated successfully","service":"finance-api","timestamp":"2026-05-27 18:40:20","userId":"e5dcb973-6b4d-4771-9608-28e81ea4dd17"}
{"level":"info","message":"User authenticated successfully","service":"finance-api","timestamp":"2026-05-27 18:40:20","userId":"e5dcb973-6b4d-4771-9608-28e81ea4dd17"}
{"level":"info","message":"User authenticated successfully","service":"finance-api","timestamp":"2026-05-27 18:40:20","userId":"e5dcb973-6b4d-4771-9608-28e81ea4dd17"}
{"level":"info","message":"User authenticated successfully","service":"finance-api","timestamp":"2026-05-27 18:58:53","userId":"e5dcb973-6b4d-4771-9608-28e81ea4dd17"}
{"level":"info","message":"User authenticated successfully","service":"finance-api","timestamp":"2026-05-27 18:58:53","userId":"e5dcb973-6b4d-4771-9608-28e81ea4dd17"}
{"level":"info","message":"User authenticated successfully","service":"finance-api","timestamp":"2026-05-27 18:58:53","userId":"e5dcb973-6b4d-4771-9608-28e81ea4dd17"}
{"level":"info","message":"User authenticated successfully","service":"finance-api","timestamp":"2026-05-27 18:58:53","userId":"e5dcb973-6b4d-4771-9608-28e81ea4dd17"}
{"level":"info","message":"User authenticated successfully","service":"finance-api","timestamp":"2026-05-27 19:02:53","userId":"e5dcb973-6b4d-4771-9608-28e81ea4dd17"}
{"level":"info","message":"User authenticated successfully","service":"finance-api","timestamp":"2026-05-27 19:02:53","userId":"e5dcb973-6b4d-4771-9608-28e81ea4dd17"}
{"level":"info","message":"User authenticated successfully","service":"finance-api","timestamp":"2026-05-27 19:03:08","userId":"e5dcb973-6b4d-4771-9608-28e81ea4dd17"}
{"level":"info","message":"User authenticated successfully","service":"finance-api","timestamp":"2026-05-27 19:03:08","userId":"e5dcb973-6b4d-4771-9608-28e81ea4dd17"}
{"ip":"127.0.0.1","level":"warn","message":"Authorization header missing","service":"finance-api","timestamp":"2026-06-01 18:48:43"}
{"ip":"127.0.0.1","level":"warn","message":"Token missing in authorization header","service":"finance-api","timestamp":"2026-06-01 18:48:43"}
{"error":"Token expired","level":"warn","message":"Token expired","service":"finance-api","timestamp":"2026-06-01 18:48:43"}
{"error":"Invalid token","level":"warn","message":"Invalid token","service":"finance-api","timestamp":"2026-06-01 18:48:43"}
{"level":"info","message":"User authenticated successfully","service":"finance-api","timestamp":"2026-06-01 18:48:43","userId":"550e8400-e29b-41d4-a716-446655440000"}
{"level":"info","message":"Server listening on port 8080","service":"finance-api","timestamp":"2026-06-01 18:53:34"}
{"error":"jwt expired","level":"warn","message":"Token expired","service":"finance-api","timestamp":"2026-06-01 18:53:34"}
{"error":"jwt expired","level":"warn","message":"Token expired","service":"finance-api","timestamp":"2026-06-01 18:53:34"}
{"error":"jwt expired","level":"warn","message":"Token expired","service":"finance-api","timestamp":"2026-06-01 18:53:34"}
{"error":"jwt expired","level":"warn","message":"Token expired","service":"finance-api","timestamp":"2026-06-01 18:53:34"}
{"level":"info","message":"Server listening on port 8080","service":"finance-api","timestamp":"2026-06-01 19:27:39"}
{"level":"info","message":"User authenticated successfully","service":"finance-api","timestamp":"2026-06-01 19:29:16","userId":"fd2faa3b-aee3-4968-949d-d7bbef4ac239"}
{"level":"info","message":"User authenticated successfully","service":"finance-api","timestamp":"2026-06-01 19:29:16","userId":"fd2faa3b-aee3-4968-949d-d7bbef4ac239"}
{"level":"info","message":"User authenticated successfully","service":"finance-api","timestamp":"2026-06-01 19:29:17","userId":"fd2faa3b-aee3-4968-949d-d7bbef4ac239"}
{"level":"info","message":"User authenticated successfully","service":"finance-api","timestamp":"2026-06-01 19:29:17","userId":"fd2faa3b-aee3-4968-949d-d7bbef4ac239"}
{"level":"info","message":"User authenticated successfully","service":"finance-api","timestamp":"2026-06-01 19:29:17","userId":"fd2faa3b-aee3-4968-949d-d7bbef4ac239"}
{"level":"info","message":"User authenticated successfully","service":"finance-api","timestamp":"2026-06-01 19:29:17","userId":"fd2faa3b-aee3-4968-949d-d7bbef4ac239"}
{"level":"info","message":"User authenticated successfully","service":"finance-api","timestamp":"2026-06-01 19:29:17","userId":"fd2faa3b-aee3-4968-949d-d7bbef4ac239"}
{"level":"info","message":"User authenticated successfully","service":"finance-api","timestamp":"2026-06-01 19:29:17","userId":"fd2faa3b-aee3-4968-949d-d7bbef4ac239"}
{"level":"info","message":"User authenticated successfully","service":"finance-api","timestamp":"2026-06-01 19:29:17","userId":"fd2faa3b-aee3-4968-949d-d7bbef4ac239"}
{"level":"info","message":"User authenticated successfully","service":"finance-api","timestamp":"2026-06-01 19:29:17","userId":"fd2faa3b-aee3-4968-949d-d7bbef4ac239"}
{"level":"info","message":"User authenticated successfully","service":"finance-api","timestamp":"2026-06-01 19:29:17","userId":"fd2faa3b-aee3-4968-949d-d7bbef4ac239"}
{"level":"info","message":"User authenticated successfully","service":"finance-api","timestamp":"2026-06-01 19:29:17","userId":"fd2faa3b-aee3-4968-949d-d7bbef4ac239"}
{"level":"info","message":"User authenticated successfully","service":"finance-api","timestamp":"2026-06-01 19:29:17","userId":"fd2faa3b-aee3-4968-949d-d7bbef4ac239"}
{"level":"info","message":"User authenticated successfully","service":"finance-api","timestamp":"2026-06-01 19:29:17","userId":"fd2faa3b-aee3-4968-949d-d7bbef4ac239"}
{"level":"info","message":"User authenticated successfully","service":"finance-api","timestamp":"2026-06-01 19:29:17","userId":"fd2faa3b-aee3-4968-949d-d7bbef4ac239"}
{"level":"info","message":"User authenticated successfully","service":"finance-api","timestamp":"2026-06-01 19:29:17","userId":"fd2faa3b-aee3-4968-949d-d7bbef4ac239"}
{"level":"info","message":"User authenticated successfully","service":"finance-api","timestamp":"2026-06-01 19:29:17","userId":"fd2faa3b-aee3-4968-949d-d7bbef4ac239"}
{"level":"info","message":"User authenticated successfully","service":"finance-api","timestamp":"2026-06-01 19:29:17","userId":"fd2faa3b-aee3-4968-949d-d7bbef4ac239"}
{"level":"info","message":"User authenticated successfully","service":"finance-api","timestamp":"2026-06-01 19:29:17","userId":"fd2faa3b-aee3-4968-949d-d7bbef4ac239"}
{"level":"info","message":"User authenticated successfully","service":"finance-api","timestamp":"2026-06-01 19:29:17","userId":"fd2faa3b-aee3-4968-949d-d7bbef4ac239"}
{"level":"info","message":"User authenticated successfully","service":"finance-api","timestamp":"2026-06-01 19:29:17","userId":"fd2faa3b-aee3-4968-949d-d7bbef4ac239"}
{"level":"info","message":"User authenticated successfully","service":"finance-api","timestamp":"2026-06-01 19:29:17","userId":"fd2faa3b-aee3-4968-949d-d7bbef4ac239"}
{"level":"info","message":"User authenticated successfully","service":"finance-api","timestamp":"2026-06-01 19:29:17","userId":"fd2faa3b-aee3-4968-949d-d7bbef4ac239"}
{"level":"info","message":"User authenticated successfully","service":"finance-api","timestamp":"2026-06-01 19:29:17","userId":"fd2faa3b-aee3-4968-949d-d7bbef4ac239"}
{"level":"info","message":"User authenticated successfully","service":"finance-api","timestamp":"2026-06-01 19:29:17","userId":"fd2faa3b-aee3-4968-949d-d7bbef4ac239"}
{"level":"info","message":"User authenticated successfully","service":"finance-api","timestamp":"2026-06-01 19:29:17","userId":"fd2faa3b-aee3-4968-949d-d7bbef4ac239"}
{"level":"info","message":"User authenticated successfully","service":"finance-api","timestamp":"2026-06-01 19:29:17","userId":"fd2faa3b-aee3-4968-949d-d7bbef4ac239"}
{"level":"info","message":"User authenticated successfully","service":"finance-api","timestamp":"2026-06-01 19:29:17","userId":"fd2faa3b-aee3-4968-949d-d7bbef4ac239"}
{"level":"info","message":"User authenticated successfully","service":"finance-api","timestamp":"2026-06-01 19:29:17","userId":"fd2faa3b-aee3-4968-949d-d7bbef4ac239"}
{"level":"info","message":"User authenticated successfully","service":"finance-api","timestamp":"2026-06-01 19:29:17","userId":"fd2faa3b-aee3-4968-949d-d7bbef4ac239"}
{"level":"info","message":"User authenticated successfully","service":"finance-api","timestamp":"2026-06-01 19:29:17","userId":"fd2faa3b-aee3-4968-949d-d7bbef4ac239"}
{"level":"info","message":"User authenticated successfully","service":"finance-api","timestamp":"2026-06-01 19:29:17","userId":"fd2faa3b-aee3-4968-949d-d7bbef4ac239"}
{"level":"info","message":"User authenticated successfully","service":"finance-api","timestamp":"2026-06-01 19:29:17","userId":"fd2faa3b-aee3-4968-949d-d7bbef4ac239"}
{"level":"info","message":"User authenticated successfully","service":"finance-api","timestamp":"2026-06-01 19:29:17","userId":"fd2faa3b-aee3-4968-949d-d7bbef4ac239"}
{"level":"info","message":"User authenticated successfully","service":"finance-api","timestamp":"2026-06-01 19:29:17","userId":"fd2faa3b-aee3-4968-949d-d7bbef4ac239"}
{"level":"info","message":"User authenticated successfully","service":"finance-api","timestamp":"2026-06-01 19:29:17","userId":"fd2faa3b-aee3-4968-949d-d7bbef4ac239"}
{"level":"info","message":"User authenticated successfully","service":"finance-api","timestamp":"2026-06-01 19:29:17","userId":"fd2faa3b-aee3-4968-949d-d7bbef4ac239"}
{"level":"info","message":"User authenticated successfully","service":"finance-api","timestamp":"2026-06-01 19:29:17","userId":"fd2faa3b-aee3-4968-949d-d7bbef4ac239"}
{"level":"info","message":"User authenticated successfully","service":"finance-api","timestamp":"2026-06-01 19:29:17","userId":"fd2faa3b-aee3-4968-949d-d7bbef4ac239"}
{"level":"info","message":"User authenticated successfully","service":"finance-api","timestamp":"2026-06-01 19:29:17","userId":"fd2faa3b-aee3-4968-949d-d7bbef4ac239"}
{"level":"info","message":"User authenticated successfully","service":"finance-api","timestamp":"2026-06-01 19:29:17","userId":"fd2faa3b-aee3-4968-949d-d7bbef4ac239"}
{"level":"info","message":"User authenticated successfully","service":"finance-api","timestamp":"2026-06-01 19:29:17","userId":"fd2faa3b-aee3-4968-949d-d7bbef4ac239"}
{"level":"info","message":"User authenticated successfully","service":"finance-api","timestamp":"2026-06-01 19:29:17","userId":"fd2faa3b-aee3-4968-949d-d7bbef4ac239"}
{"level":"info","message":"User authenticated successfully","service":"finance-api","timestamp":"2026-06-01 19:29:17","userId":"fd2faa3b-aee3-4968-949d-d7bbef4ac239"}
{"level":"info","message":"User authenticated successfully","service":"finance-api","timestamp":"2026-06-01 19:29:17","userId":"fd2faa3b-aee3-4968-949d-d7bbef4ac239"}
{"level":"info","message":"User authenticated successfully","service":"finance-api","timestamp":"2026-06-01 19:29:17","userId":"fd2faa3b-aee3-4968-949d-d7bbef4ac239"}
{"level":"info","message":"User authenticated successfully","service":"finance-api","timestamp":"2026-06-01 19:29:17","userId":"fd2faa3b-aee3-4968-949d-d7bbef4ac239"}
{"level":"info","message":"User authenticated successfully","service":"finance-api","timestamp":"2026-06-01 19:29:17","userId":"fd2faa3b-aee3-4968-949d-d7bbef4ac239"}
{"level":"info","message":"User authenticated successfully","service":"finance-api","timestamp":"2026-06-01 19:29:17","userId":"fd2faa3b-aee3-4968-949d-d7bbef4ac239"}
{"level":"info","message":"User authenticated successfully","service":"finance-api","timestamp":"2026-06-01 19:29:17","userId":"fd2faa3b-aee3-4968-949d-d7bbef4ac239"}
{"level":"info","message":"User authenticated successfully","service":"finance-api","timestamp":"2026-06-01 19:29:17","userId":"fd2faa3b-aee3-4968-949d-d7bbef4ac239"}
{"level":"info","message":"User authenticated successfully","service":"finance-api","timestamp":"2026-06-01 19:29:17","userId":"fd2faa3b-aee3-4968-949d-d7bbef4ac239"}
{"level":"info","message":"User authenticated successfully","service":"finance-api","timestamp":"2026-06-01 19:29:17","userId":"fd2faa3b-aee3-4968-949d-d7bbef4ac239"}
{"level":"info","message":"User authenticated successfully","service":"finance-api","timestamp":"2026-06-01 19:29:17","userId":"fd2faa3b-aee3-4968-949d-d7bbef4ac239"}
{"level":"info","message":"User authenticated successfully","service":"finance-api","timestamp":"2026-06-01 19:29:17","userId":"fd2faa3b-aee3-4968-949d-d7bbef4ac239"}
{"level":"info","message":"User authenticated successfully","service":"finance-api","timestamp":"2026-06-01 19:29:17","userId":"fd2faa3b-aee3-4968-949d-d7bbef4ac239"}
{"level":"info","message":"User authenticated successfully","service":"finance-api","timestamp":"2026-06-01 19:29:17","userId":"fd2faa3b-aee3-4968-949d-d7bbef4ac239"}
{"level":"info","message":"User authenticated successfully","service":"finance-api","timestamp":"2026-06-01 19:29:17","userId":"fd2faa3b-aee3-4968-949d-d7bbef4ac239"}
{"level":"info","message":"User authenticated successfully","service":"finance-api","timestamp":"2026-06-01 19:29:17","userId":"fd2faa3b-aee3-4968-949d-d7bbef4ac239"}
{"level":"info","message":"User authenticated successfully","service":"finance-api","timestamp":"2026-06-01 19:29:17","userId":"fd2faa3b-aee3-4968-949d-d7bbef4ac239"}
{"level":"info","message":"User authenticated successfully","service":"finance-api","timestamp":"2026-06-01 19:29:17","userId":"fd2faa3b-aee3-4968-949d-d7bbef4ac239"}
{"level":"info","message":"User authenticated successfully","service":"finance-api","timestamp":"2026-06-01 19:29:17","userId":"fd2faa3b-aee3-4968-949d-d7bbef4ac239"}
{"level":"info","message":"User authenticated successfully","service":"finance-api","timestamp":"2026-06-01 19:29:17","userId":"fd2faa3b-aee3-4968-949d-d7bbef4ac239"}
{"level":"info","message":"User authenticated successfully","service":"finance-api","timestamp":"2026-06-01 19:29:17","userId":"fd2faa3b-aee3-4968-949d-d7bbef4ac239"}
{"level":"info","message":"User authenticated successfully","service":"finance-api","timestamp":"2026-06-01 19:29:17","userId":"fd2faa3b-aee3-4968-949d-d7bbef4ac239"}
{"level":"info","message":"User authenticated successfully","service":"finance-api","timestamp":"2026-06-01 19:29:17","userId":"fd2faa3b-aee3-4968-949d-d7bbef4ac239"}
{"level":"info","message":"User authenticated successfully","service":"finance-api","timestamp":"2026-06-01 19:29:17","userId":"fd2faa3b-aee3-4968-949d-d7bbef4ac239"}
{"level":"info","message":"User authenticated successfully","service":"finance-api","timestamp":"2026-06-01 19:29:17","userId":"fd2faa3b-aee3-4968-949d-d7bbef4ac239"}
{"level":"info","message":"User authenticated successfully","service":"finance-api","timestamp":"2026-06-01 19:29:17","userId":"fd2faa3b-aee3-4968-949d-d7bbef4ac239"}
{"level":"info","message":"User authenticated successfully","service":"finance-api","timestamp":"2026-06-01 19:29:17","userId":"fd2faa3b-aee3-4968-949d-d7bbef4ac239"}
{"level":"info","message":"User authenticated successfully","service":"finance-api","timestamp":"2026-06-01 19:29:17","userId":"fd2faa3b-aee3-4968-949d-d7bbef4ac239"}
{"level":"info","message":"User authenticated successfully","service":"finance-api","timestamp":"2026-06-01 19:29:17","userId":"fd2faa3b-aee3-4968-949d-d7bbef4ac239"}
{"level":"info","message":"User authenticated successfully","service":"finance-api","timestamp":"2026-06-01 19:29:17","userId":"fd2faa3b-aee3-4968-949d-d7bbef4ac239"}
{"level":"info","message":"User authenticated successfully","service":"finance-api","timestamp":"2026-06-01 19:29:17","userId":"fd2faa3b-aee3-4968-949d-d7bbef4ac239"}
{"level":"info","message":"User authenticated successfully","service":"finance-api","timestamp":"2026-06-01 19:29:17","userId":"fd2faa3b-aee3-4968-949d-d7bbef4ac239"}
{"level":"info","message":"User authenticated successfully","service":"finance-api","timestamp":"2026-06-01 19:29:17","userId":"fd2faa3b-aee3-4968-949d-d7bbef4ac239"}
{"level":"info","message":"User authenticated successfully","service":"finance-api","timestamp":"2026-06-01 19:29:17","userId":"fd2faa3b-aee3-4968-949d-d7bbef4ac239"}
{"level":"info","message":"User authenticated successfully","service":"finance-api","timestamp":"2026-06-01 19:29:17","userId":"fd2faa3b-aee3-4968-949d-d7bbef4ac239"}
{"level":"info","message":"User authenticated successfully","service":"finance-api","timestamp":"2026-06-01 19:29:17","userId":"fd2faa3b-aee3-4968-949d-d7bbef4ac239"}
{"level":"info","message":"User authenticated successfully","service":"finance-api","timestamp":"2026-06-01 19:29:17","userId":"fd2faa3b-aee3-4968-949d-d7bbef4ac239"}
{"level":"info","message":"User authenticated successfully","service":"finance-api","timestamp":"2026-06-01 19:29:17","userId":"fd2faa3b-aee3-4968-949d-d7bbef4ac239"}
{"level":"info","message":"User authenticated successfully","service":"finance-api","timestamp":"2026-06-01 19:29:17","userId":"fd2faa3b-aee3-4968-949d-d7bbef4ac239"}
{"level":"info","message":"User authenticated successfully","service":"finance-api","timestamp":"2026-06-01 19:29:17","userId":"fd2faa3b-aee3-4968-949d-d7bbef4ac239"}
{"level":"info","message":"User authenticated successfully","service":"finance-api","timestamp":"2026-06-01 19:29:17","userId":"fd2faa3b-aee3-4968-949d-d7bbef4ac239"}
{"level":"info","message":"User authenticated successfully","service":"finance-api","timestamp":"2026-06-01 19:29:17","userId":"fd2faa3b-aee3-4968-949d-d7bbef4ac239"}
{"level":"info","message":"User authenticated successfully","service":"finance-api","timestamp":"2026-06-01 19:29:17","userId":"fd2faa3b-aee3-4968-949d-d7bbef4ac239"}
{"level":"info","message":"User authenticated successfully","service":"finance-api","timestamp":"2026-06-01 19:29:17","userId":"fd2faa3b-aee3-4968-949d-d7bbef4ac239"}
{"level":"info","message":"User authenticated successfully","service":"finance-api","timestamp":"2026-06-01 19:29:17","userId":"fd2faa3b-aee3-4968-949d-d7bbef4ac239"}
{"level":"info","message":"User authenticated successfully","service":"finance-api","timestamp":"2026-06-01 19:29:17","userId":"fd2faa3b-aee3-4968-949d-d7bbef4ac239"}
{"level":"info","message":"User authenticated successfully","service":"finance-api","timestamp":"2026-06-01 19:29:17","userId":"fd2faa3b-aee3-4968-949d-d7bbef4ac239"}
{"level":"info","message":"User authenticated successfully","service":"finance-api","timestamp":"2026-06-01 19:29:17","userId":"fd2faa3b-aee3-4968-949d-d7bbef4ac239"}
{"level":"info","message":"User authenticated successfully","service":"finance-api","timestamp":"2026-06-01 19:29:17","userId":"fd2faa3b-aee3-4968-949d-d7bbef4ac239"}
{"level":"info","message":"User authenticated successfully","service":"finance-api","timestamp":"2026-06-01 19:29:17","userId":"fd2faa3b-aee3-4968-949d-d7bbef4ac239"}
{"level":"info","message":"User authenticated successfully","service":"finance-api","timestamp":"2026-06-01 19:29:17","userId":"fd2faa3b-aee3-4968-949d-d7bbef4ac239"}
{"level":"info","message":"User authenticated successfully","service":"finance-api","timestamp":"2026-06-01 19:29:17","userId":"fd2faa3b-aee3-4968-949d-d7bbef4ac239"}
{"level":"info","message":"User authenticated successfully","service":"finance-api","timestamp":"2026-06-01 19:29:17","userId":"fd2faa3b-aee3-4968-949d-d7bbef4ac239"}
{"level":"info","message":"Server listening on port 8080","service":"finance-api","timestamp":"2026-06-02 18:26:45"}
{"level":"info","message":"User authenticated successfully","service":"finance-api","timestamp":"2026-06-02 18:27:02","userId":"fd2faa3b-aee3-4968-949d-d7bbef4ac239"}
{"level":"info","message":"User authenticated successfully","service":"finance-api","timestamp":"2026-06-02 18:27:07","userId":"fd2faa3b-aee3-4968-949d-d7bbef4ac239"}
{"level":"info","message":"User authenticated successfully","service":"finance-api","timestamp":"2026-06-02 18:27:09","userId":"fd2faa3b-aee3-4968-949d-d7bbef4ac239"}
{"level":"info","message":"User authenticated successfully","service":"finance-api","timestamp":"2026-06-02 18:27:10","userId":"fd2faa3b-aee3-4968-949d-d7bbef4ac239"}
{"level":"info","message":"User authenticated successfully","service":"finance-api","timestamp":"2026-06-02 18:27:12","userId":"fd2faa3b-aee3-4968-949d-d7bbef4ac239"}
{"level":"info","message":"User authenticated successfully","service":"finance-api","timestamp":"2026-06-02 18:27:30","userId":"fd2faa3b-aee3-4968-949d-d7bbef4ac239"}
{"level":"info","message":"User authenticated successfully","service":"finance-api","timestamp":"2026-06-02 18:27:30","userId":"fd2faa3b-aee3-4968-949d-d7bbef4ac239"}
{"level":"info","message":"User authenticated successfully","service":"finance-api","timestamp":"2026-06-02 18:27:33","userId":"fd2faa3b-aee3-4968-949d-d7bbef4ac239"}
{"level":"info","message":"User authenticated successfully","service":"finance-api","timestamp":"2026-06-02 18:27:44","userId":"fd2faa3b-aee3-4968-949d-d7bbef4ac239"}
{"level":"info","message":"User authenticated successfully","service":"finance-api","timestamp":"2026-06-02 18:27:46","userId":"fd2faa3b-aee3-4968-949d-d7bbef4ac239"}
{"level":"info","message":"User authenticated successfully","service":"finance-api","timestamp":"2026-06-02 18:27:48","userId":"fd2faa3b-aee3-4968-949d-d7bbef4ac239"}
{"level":"info","message":"User authenticated successfully","service":"finance-api","timestamp":"2026-06-02 18:30:20","userId":"fd2faa3b-aee3-4968-949d-d7bbef4ac239"}
{"level":"info","message":"User authenticated successfully","service":"finance-api","timestamp":"2026-06-02 18:31:04","userId":"fd2faa3b-aee3-4968-949d-d7bbef4ac239"}
{"level":"info","message":"User authenticated successfully","service":"finance-api","timestamp":"2026-06-02 18:31:06","userId":"fd2faa3b-aee3-4968-949d-d7bbef4ac239"}
{"level":"info","message":"User authenticated successfully","service":"finance-api","timestamp":"2026-06-02 18:31:08","userId":"fd2faa3b-aee3-4968-949d-d7bbef4ac239"}
{"level":"info","message":"User authenticated successfully","service":"finance-api","timestamp":"2026-06-02 18:31:21","userId":"fd2faa3b-aee3-4968-949d-d7bbef4ac239"}
{"level":"info","message":"User authenticated successfully","service":"finance-api","timestamp":"2026-06-02 18:31:21","userId":"fd2faa3b-aee3-4968-949d-d7bbef4ac239"}
{"level":"info","message":"User authenticated successfully","service":"finance-api","timestamp":"2026-06-02 18:31:23","userId":"fd2faa3b-aee3-4968-949d-d7bbef4ac239"}
{"level":"info","message":"Server listening on port 8080","service":"finance-api","timestamp":"2026-06-02 18:33:31"}
{"level":"info","message":"Server listening on port 8080","service":"finance-api","timestamp":"2026-06-02 18:33:33"}
{"level":"info","message":"User authenticated successfully","service":"finance-api","timestamp":"2026-06-02 18:34:43","userId":"8798fb17-cd50-4732-9e21-75cbbbe47614"}
{"level":"info","message":"User authenticated successfully","service":"finance-api","timestamp":"2026-06-02 18:34:59","userId":"8798fb17-cd50-4732-9e21-75cbbbe47614"}
{"level":"info","message":"User authenticated successfully","service":"finance-api","timestamp":"2026-06-02 18:34:59","userId":"8798fb17-cd50-4732-9e21-75cbbbe47614"}
{"level":"info","message":"User authenticated successfully","service":"finance-api","timestamp":"2026-06-02 18:35:02","userId":"8798fb17-cd50-4732-9e21-75cbbbe47614"}
{"level":"info","message":"User authenticated successfully","service":"finance-api","timestamp":"2026-06-02 18:35:07","userId":"8798fb17-cd50-4732-9e21-75cbbbe47614"}
{"level":"info","message":"User authenticated successfully","service":"finance-api","timestamp":"2026-06-02 18:36:22","userId":"8798fb17-cd50-4732-9e21-75cbbbe47614"}
{"level":"info","message":"User authenticated successfully","service":"finance-api","timestamp":"2026-06-02 18:37:32","userId":"8798fb17-cd50-4732-9e21-75cbbbe47614"}
{"level":"info","message":"User authenticated successfully","service":"finance-api","timestamp":"2026-06-02 18:37:35","userId":"8798fb17-cd50-4732-9e21-75cbbbe47614"}
{"level":"info","message":"User authenticated successfully","service":"finance-api","timestamp":"2026-06-02 18:37:43","userId":"8798fb17-cd50-4732-9e21-75cbbbe47614"}
{"level":"info","message":"User authenticated successfully","service":"finance-api","timestamp":"2026-06-02 18:37:43","userId":"8798fb17-cd50-4732-9e21-75cbbbe47614"}
{"level":"info","message":"User authenticated successfully","service":"finance-api","timestamp":"2026-06-02 18:37:56","userId":"8798fb17-cd50-4732-9e21-75cbbbe47614"}
{"level":"info","message":"User authenticated successfully","service":"finance-api","timestamp":"2026-06-02 18:37:56","userId":"8798fb17-cd50-4732-9e21-75cbbbe47614"}
{"level":"info","message":"User authenticated successfully","service":"finance-api","timestamp":"2026-06-02 18:38:00","userId":"8798fb17-cd50-4732-9e21-75cbbbe47614"}
{"level":"info","message":"User authenticated successfully","service":"finance-api","timestamp":"2026-06-02 18:39:25","userId":"8798fb17-cd50-4732-9e21-75cbbbe47614"}
